// Jest Snapshot v1, https://goo.gl/fbAQLP

exports[`Pruebas en <DeleteEventFab/> debe mostrarse correctamente 1`] = `[Function]`;
